[themewagon.github.io/Netic/index.html]
[backblue.gif]
[fade.gif]
[index.html]
[themewagon.github.io/Netic/css/bootstrap.min.css]
[themewagon.github.io/Netic/css/style.css]
[themewagon.github.io/Netic/css/responsive.css]
[themewagon.github.io/Netic/images/fevicon.png]
[themewagon.github.io/Netic/css/jquery.mCustomScrollbar.min.css]
[netdna.bootstrapcdn.com/font-awesome/4.0.3/css/font-awesome.css]
[themewagon.github.io/Netic/index-2.html]
[themewagon.github.io/Netic/images/logo.png]
[themewagon.github.io/Netic/about.html]
[themewagon.github.io/Netic/hosting.html]
[themewagon.github.io/Netic/testimonial.html]
[themewagon.github.io/Netic/domain.html]
[themewagon.github.io/Netic/services.html]
[themewagon.github.io/Netic/contact.html]
[themewagon.github.io/Netic/images/banner-img.png]
[themewagon.github.io/Netic/images/icon-1.png]
[themewagon.github.io/Netic/images/icon-2.png]
[themewagon.github.io/Netic/images/icon-3.png]
[themewagon.github.io/Netic/images/hosting-img.png]
[themewagon.github.io/Netic/images/icon-4.png]
[themewagon.github.io/Netic/images/icon-7.png]
[themewagon.github.io/Netic/images/icon-5.png]
[themewagon.github.io/Netic/images/icon-6.png]
[themewagon.github.io/Netic/images/icon-9.png]
[themewagon.github.io/Netic/images/quick-icon.png]
[themewagon.github.io/Netic/images/client-img.png]
[themewagon.github.io/Netic/js/jquery.min.js]
[themewagon.github.io/Netic/js/popper.min.js]
[themewagon.github.io/Netic/js/bootstrap.bundle.min.js]
[themewagon.github.io/Netic/js/jquery-3.0.0.min.js]
[themewagon.github.io/Netic/js/plugin.js]
[themewagon.github.io/Netic/js/jquery.mCustomScrollbar.concat.min.js]
[themewagon.github.io/Netic/js/custom.js]
[themewagon.github.io/Netic/index.html]
[themewagon.github.io/Netic/css/bootstrap.min.css]
[themewagon.github.io/Netic/css/animate.min.css]
[themewagon.github.io/Netic/css/normalize.css]
[themewagon.github.io/Netic/css/icomoon.css]
[themewagon.github.io/Netic/css/css/font-awesome.min.css]
[themewagon.github.io/Netic/css/meanmenu.css]
[themewagon.github.io/Netic/css/owl.carousel.min.css]
[themewagon.github.io/Netic/css/swiper.min.css]
[themewagon.github.io/Netic/css/slick.css]
[themewagon.github.io/Netic/css/jquery.fancybox.min.css]
[themewagon.github.io/Netic/css/jquery-ui.css]
[themewagon.github.io/Netic/css/nice-select.css]
[themewagon.github.io/Netic/images/banner-bg.png]
[themewagon.github.io/Netic/images/hosting-bg.png]
[themewagon.github.io/Netic/css/style.css]
[themewagon.github.io/Netic/css/responsive.css]
[themewagon.github.io/Netic/images/fevicon.html]
[themewagon.github.io/Netic/css/mCSB_buttons.png]
[themewagon.github.io/Netic/css/jquery.mCustomScrollbar.min.css]
[netdna.bootstrapcdn.com/font-awesome/4.0.3/css/font-awesome.css]
[themewagon.github.io/Netic/index-2.html]
[themewagon.github.io/Netic/about.html]
[themewagon.github.io/Netic/hosting.html]
[themewagon.github.io/Netic/testimonial.html]
[themewagon.github.io/Netic/domain.html]
[themewagon.github.io/Netic/services.html]
[themewagon.github.io/Netic/contact.html]
[themewagon.github.io/Netic/css/animate.min.css]
[themewagon.github.io/Netic/css/normalize.css]
[themewagon.github.io/Netic/fonts/IcoMoon-Free.ttf]
[themewagon.github.io/Netic/css/icomoon.css]
[themewagon.github.io/Netic/css/css/font-awesome.min.html]
[themewagon.github.io/Netic/css/meanmenu.css]
[themewagon.github.io/Netic/css/owl.video.play.png]
[themewagon.github.io/Netic/css/owl.carousel.min.css]
[themewagon.github.io/Netic/css/swiper.min.html]
[themewagon.github.io/Netic/css/slick.css]
[themewagon.github.io/Netic/css/jquery.fancybox.min.css]
[themewagon.github.io/Netic/css/images/ui-icons_444444_256x240.png]
[themewagon.github.io/Netic/css/images/ui-icons_555555_256x240.png]
[themewagon.github.io/Netic/css/images/ui-icons_ffffff_256x240.png]
[themewagon.github.io/Netic/css/images/ui-icons_777620_256x240.png]
[themewagon.github.io/Netic/css/images/ui-icons_cc0000_256x240.png]
[themewagon.github.io/Netic/css/images/ui-icons_777777_256x240.png]
[themewagon.github.io/Netic/css/jquery-ui.css]
[themewagon.github.io/Netic/css/nice-select.css]
[themewagon.github.io/Netic/css/mCSB_buttons.html]
[themewagon.github.io/Netic/fonts/IcoMoon-Free.html]
[themewagon.github.io/Netic/css/owl.video.play.html]
[themewagon.github.io/Netic/css/images/ui-icons_444444_256x240.html]
[themewagon.github.io/Netic/css/images/ui-icons_555555_256x240.html]
[themewagon.github.io/Netic/css/images/ui-icons_ffffff_256x240.html]
[themewagon.github.io/Netic/css/images/ui-icons_777620_256x240.html]
[themewagon.github.io/Netic/css/images/ui-icons_cc0000_256x240.html]
[themewagon.github.io/Netic/css/images/ui-icons_777777_256x240.html]
